src/components/CatalogoProductos.tsx(11,56): error TS6133: 'categorias' is declared but its value is never read.
